
 RUN  v4.1.11 /Users/nutakki/repos/ardur-bot-wt/token-poc

