// Vitest Snapshot v1, https://vitest.dev/guide/snapshot.html

exports[`native command projection > matches the shared command projection and is idempotent 1`] = `
[
  {
    "blocks": [
      {
        "command": {
          "attemptId": "attempt-1",
          "command": "pnpm test",
          "commandId": "command-1",
          "computer": "docker:container-1",
          "computerId": "computer-1",
          "cwd": "/workspace",
          "durationMs": 12000,
          "error": null,
          "executionId": "execution-1",
          "exitCode": 0,
          "outcome": "completed",
          "redacted": false,
          "replayOf": null,
          "rerunDisabledReason": null,
          "runId": "run-1",
          "startedAt": "2026-09-23T12:00:00.000Z",
          "stderr": "",
          "stdout": "Tests passed.
",
          "truncated": false,
        },
        "kind": "command",
      },
    ],
    "botId": "bot-1",
    "createdAt": "2026-09-23T12:00:00.000Z",
    "id": "command:command-1",
    "role": "bot",
    "runId": "run-1",
    "seq": 3,
    "threadId": "thread-1",
  },
]
`;
